// Jest Snapshot v1, https://goo.gl/fbAQLP

exports[`CharacterPreview component renders CharacterPreview 1`] = `
<DocumentFragment>
  <figure
    class="CharacterPreview"
  >
    <a
      href="/details/f"
    >
      <img
        class="previewImage"
        src="f"
      />
      <figcaption
        class="previewName"
      >
        f
      </figcaption>
    </a>
  </figure>
</DocumentFragment>
`;
